src/pages/ClientDashboard.tsx(6,271): error TS6133: 'LineChart' is declared but its value is never read.
src/pages/ClientDashboard.tsx(6,305): error TS6133: 'Briefcase' is declared but its value is never read.
